╷
│ Warning: Deprecated Parameter
│ 
│ The parameter "dynamodb_table" is deprecated. Use parameter "use_lockfile"
│ instead.
╵
module.service.data.aws_vpc.default: Reading...
module.service.data.aws_vpc.default: Read complete after 4s [id=vpc-33b0da2cf12b1ef61]
module.service.data.aws_subnets.default: Reading...
module.service.data.aws_subnets.default: Read complete after 0s [id=us-east-1]

Terraform used the selected providers to generate the following execution
plan. Resource actions are indicated with the following symbols:
  + create

Terraform will perform the following actions:

  # module.data.aws_secretsmanager_secret.db will be created
  + resource "aws_secretsmanager_secret" "db" {
      + arn                            = (known after apply)
      + description                    = "Aiven MySQL credentials for rh-lwam (Regional Health capacity lab)."
      + force_overwrite_replica_secret = false
      + id                             = (known after apply)
      + name                           = "regional-health/lwam/db"
      + name_prefix                    = (known after apply)
      + policy                         = (known after apply)
      + recovery_window_in_days        = 30
      + region                         = "us-east-1"
      + tags_all                       = (known after apply)

      + replica (known after apply)
    }

  # module.data.aws_secretsmanager_secret_version.db will be created
  + resource "aws_secretsmanager_secret_version" "db" {
      + arn                  = (known after apply)
      + has_secret_string_wo = (known after apply)
      + id                   = (known after apply)
      + region               = "us-east-1"
      + secret_arn           = (known after apply)
      + secret_id            = (known after apply)
      + secret_string        = (sensitive value)
      + secret_string_wo     = (write-only attribute)
      + version_id           = (known after apply)
      + version_stages       = (known after apply)
    }

  # module.service.aws_instance.app will be created
  + resource "aws_instance" "app" {
      + ami                                  = "ami-186b60101b91"
      + arn                                  = (known after apply)
      + associate_public_ip_address          = (known after apply)
      + availability_zone                    = (known after apply)
      + disable_api_stop                     = (known after apply)
      + disable_api_termination              = (known after apply)
      + ebs_optimized                        = (known after apply)
      + enable_primary_ipv6                  = (known after apply)
      + force_destroy                        = false
      + get_password_data                    = false
      + host_id                              = (known after apply)
      + host_resource_group_arn              = (known after apply)
      + iam_instance_profile                 = (known after apply)
      + id                                   = (known after apply)
      + instance_initiated_shutdown_behavior = (known after apply)
      + instance_lifecycle                   = (known after apply)
      + instance_state                       = (known after apply)
      + instance_type                        = "t3.small"
      + ipv6_address_count                   = (known after apply)
      + ipv6_addresses                       = (known after apply)
      + key_name                             = (known after apply)
      + monitoring                           = (known after apply)
      + outpost_arn                          = (known after apply)
      + password_data                        = (known after apply)
      + placement_group                      = (known after apply)
      + placement_group_id                   = (known after apply)
      + placement_partition_number           = (known after apply)
      + primary_network_interface_id         = (known after apply)
      + private_dns                          = (known after apply)
      + private_ip                           = (known after apply)
      + public_dns                           = (known after apply)
      + public_ip                            = (known after apply)
      + region                               = "us-east-1"
      + secondary_private_ips                = (known after apply)
      + security_groups                      = (known after apply)
      + source_dest_check                    = true
      + spot_instance_request_id             = (known after apply)
      + subnet_id                            = "subnet-cfa0d8846695e1de6"
      + tags                                 = {
          + "Name" = "rh-lwam-app"
        }
      + tags_all                             = {
          + "Name" = "rh-lwam-app"
        }
      + tenancy                              = (known after apply)
      + user_data                            = (known after apply)
      + user_data_base64                     = (known after apply)
      + user_data_replace_on_change          = false
      + vpc_security_group_ids               = (known after apply)

      + capacity_reservation_specification (known after apply)

      + cpu_options (known after apply)

      + ebs_block_device (known after apply)

      + enclave_options (known after apply)

      + ephemeral_block_device (known after apply)

      + instance_market_options (known after apply)

      + maintenance_options (known after apply)

      + metadata_options {
          + http_endpoint               = "enabled"
          + http_protocol_ipv6          = "disabled"
          + http_put_response_hop_limit = 1
          + http_tokens                 = "required"
          + instance_metadata_tags      = (known after apply)
        }

      + network_interface (known after apply)

      + primary_network_interface (known after apply)

      + private_dns_name_options (known after apply)

      + root_block_device (known after apply)

      + secondary_network_interface (known after apply)
    }

  # module.service.aws_security_group.app will be created
  + resource "aws_security_group" "app" {
      + arn                    = (known after apply)
      + description            = "Ingress to nginx (80) and the app (3000) for rh-lwam"
      + egress                 = [
          + {
              + cidr_blocks      = [
                  + "172.31.0.0/16",
                ]
              + description      = "Outbound for Secrets Manager and package installation"
              + from_port        = 0
              + ipv6_cidr_blocks = []
              + prefix_list_ids  = []
              + protocol         = "-1"
              + security_groups  = []
              + self             = false
              + to_port          = 0
            },
        ]
      + id                     = (known after apply)
      + ingress                = [
          + {
              + cidr_blocks      = [
                  + "172.31.0.0/16",
                ]
              + description      = "Direct app port, for /metrics scraping and incident replay"
              + from_port        = 3000
              + ipv6_cidr_blocks = []
              + prefix_list_ids  = []
              + protocol         = "tcp"
              + security_groups  = []
              + self             = false
              + to_port          = 3000
            },
          + {
              + cidr_blocks      = [
                  + "172.31.0.0/16",
                ]
              + description      = "HTTP to nginx from inside the VPC"
              + from_port        = 80
              + ipv6_cidr_blocks = []
              + prefix_list_ids  = []
              + protocol         = "tcp"
              + security_groups  = []
              + self             = false
              + to_port          = 80
            },
        ]
      + name                   = "rh-lwam-app-sg"
      + name_prefix            = (known after apply)
      + owner_id               = (known after apply)
      + region                 = "us-east-1"
      + revoke_rules_on_delete = false
      + tags                   = {
          + "Name" = "rh-lwam-app-sg"
        }
      + tags_all               = {
          + "Name" = "rh-lwam-app-sg"
        }
      + vpc_id                 = "vpc-33b0da2cf12b1ef61"
    }

Plan: 4 to add, 0 to change, 0 to destroy.

Changes to Outputs:
  + app_url           = (known after apply)
  + db_endpoint       = "regional-health-lwam-mysql456-regional-health-lwam.g.aivencloud.com"
  + db_port           = 14183
  + instance_id       = (known after apply)
  + secret_arn        = (known after apply)
  + security_group_id = (known after apply)
module.service.aws_security_group.app: Creating...
module.data.aws_secretsmanager_secret.db: Creating...
module.data.aws_secretsmanager_secret.db: Creation complete after 0s [id=arn:aws:secretsmanager:us-east-1:000000000000:secret:regional-health/lwam/db-BkWWOe]
module.data.aws_secretsmanager_secret_version.db: Creating...
module.data.aws_secretsmanager_secret_version.db: Creation complete after 0s [id=arn:aws:secretsmanager:us-east-1:000000000000:secret:regional-health/lwam/db-BkWWOe|terraform-jTvRurB5pLmAY3Encs54J8OQux]
module.service.aws_security_group.app: Creation complete after 0s [id=sg-ad7ec3dd7653c8abc]
module.service.aws_instance.app: Creating...
module.service.aws_instance.app: Still creating... [00m10s elapsed]
module.service.aws_instance.app: Creation complete after 15s [id=i-14a170c7d99a4b9fb]

Apply complete! Resources: 4 added, 0 changed, 0 destroyed.

Outputs:

app_url = "http://172.31.0.4"
db_endpoint = "regional-health-lwam-mysql456-regional-health-lwam.g.aivencloud.com"
db_port = 14183
instance_id = "i-14a170c7d99a4b9fb"
secret_arn = "arn:aws:secretsmanager:us-east-1:000000000000:secret:regional-health/lwam/db-BkWWOe"
security_group_id = "sg-ad7ec3dd7653c8abc"
